[sites.google.com/apps.district196.org/total-darkness/the-house.html]
[backblue.gif]
[fade.gif]
[index.html]
[apis.google.com/js/clientc932.js]
[sites.google.com/apps.district196.org/total-darkness/the-house/progress.html]
[sites.google.com/apps.district196.org/total-darkness/games-from-the-house.html]
[sites.google.com/apps.district196.org/total-darkness/games-from-the-house/defeat-ai.html]
[sites.google.com/apps.district196.org/total-darkness/games-from-the-house/do-you-matter.html]
[sites.google.com/apps.district196.org/total-darkness/games-from-the-house/shoot.html]
[sites.google.com/apps.district196.org/total-darkness/games-from-the-house/code-of-stuff.html]
[sites.google.com/apps.district196.org/total-darkness/games-from-the-house/dark-explorer.html]
[sites.google.com/apps.district196.org/total-darkness/games-from-the-house/ai-oberrise.html]
[sites.google.com/apps.district196.org/total-darkness/games-from-the-house/simpleism.html]
[sites.google.com/apps.district196.org/total-darkness/games-from-the-house/squarelines.html]
[sites.google.com/apps.district196.org/total-darkness/games-from-the-house/run-from-the-house.html]
[sites.google.com/apps.district196.org/total-darkness/games-from-the-house/plant-or-else.html]
[sites.google.com/apps.district196.org/total-darkness/games-from-the-house/battle.html]
[sites.google.com/apps.district196.org/total-darkness/games-from-the-house/dodge.html]
[sites.google.com/apps.district196.org/total-darkness/games-from-the-house/are-you-really-here.html]
[sites.google.com/apps.district196.org/total-darkness/games-from-the-house/code-of-conduct.html]
[sites.google.com/apps.district196.org/total-darkness/games-from-the-house/nighmare-to-reality.html]
[sites.google.com/apps.district196.org/total-darkness/games-from-the-house/harmonic.html]
[sites.google.com/apps.district196.org/total-darkness/games-from-the-house/fractal-shards.html]
[sites.google.com/apps.district196.org/total-darkness/games-from-the-house/8-bit-infinity.html]
[sites.google.com/apps.district196.org/total-darkness/games-from-the-house/grammar-quest.html]
[sites.google.com/apps.district196.org/total-darkness/games-from-the-house/vampire-survivors-2-0.html]
[sites.google.com/apps.district196.org/total-darkness/games-from-the-house/roll-for-time-of-death.html]
[sites.google.com/apps.district196.org/total-darkness/games-from-the-house/logo-animator.html]
[sites.google.com/apps.district196.org/total-darkness/games-from-the-house/lucks-run-out.html]
[sites.google.com/apps.district196.org/total-darkness/games-from-the-house/the-enigma-nexus.html]
[sites.google.com/apps.district196.org/total-darkness/games-from-the-house/snakes-will-come.html]
[sites.google.com/apps.district196.org/total-darkness/games-from-the-house/mc.html]
[sites.google.com/apps.district196.org/total-darkness/games-from-the-house/beats-of-death.html]
[sites.google.com/apps.district196.org/total-darkness/games-from-the-house/gpt-5.html]
[sites.google.com/apps.district196.org/total-darkness/games-from-the-house/claudex.html]
[sites.google.com/apps.district196.org/total-darkness/games-from-the-house/junk-of-waste.html]
[sites.google.com/apps.district196.org/total-darkness/games-from-the-house/cem-chrome-extension-maker.html]
[sites.google.com/apps.district196.org/total-darkness/games-from-the-house/interactive-web-console.html]
[sites.google.com/apps.district196.org/total-darkness/games-from-the-house/rolling-to-the-abyss.html]
[sites.google.com/apps.district196.org/total-darkness/games-from-the-house/demon-code-generator.html]
[sites.google.com/apps.district196.org/total-darkness/games-from-the-house/website-sim.html]
[sites.google.com/apps.district196.org/total-darkness/games-from-the-house/bht.html]
[sites.google.com/apps.district196.org/total-darkness/games-from-the-house/ai-vs-you.html]
[sites.google.com/apps.district196.org/total-darkness/games-from-the-house/hi.html]
[sites.google.com/apps.district196.org/total-darkness/games-from-the-house/minesweeper.html]
[sites.google.com/apps.district196.org/total-darkness/games-from-the-house/minecraft-v2.html]
[sites.google.com/apps.district196.org/total-darkness/games-from-the-house/discord.html]
[sites.google.com/apps.district196.org/total-darkness/games-from-the-house/every-ai-free.html]
[sites.google.com/apps.district196.org/total-darkness/games-from-the-house/platform-jumper-4.html]
[sites.google.com/apps.district196.org/total-darkness/games-from-the-house/csgo-gambling.html]
[sites.google.com/apps.district196.org/total-darkness/games-from-the-house/8-ball-pool.html]
[sites.google.com/apps.district196.org/total-darkness/games-from-the-house/shaders4.html]
[sites.google.com/apps.district196.org/total-darkness/games-from-the-closet.html]
[sites.google.com/apps.district196.org/total-darkness/games-from-the-closet/feeding-rng.html]
[sites.google.com/apps.district196.org/total-darkness/games-from-the-closet/tic-tac-death.html]
[sites.google.com/apps.district196.org/total-darkness/games-from-the-closet/roll-for-time-to-die.html]
[sites.google.com/apps.district196.org/total-darkness/games-from-the-closet/dode-the-rakers.html]
[sites.google.com/apps.district196.org/total-darkness/games-from-the-closet/depression.html]
[sites.google.com/apps.district196.org/total-darkness/games-from-the-closet/pong-of-souls.html]
[sites.google.com/apps.district196.org/total-darkness/games-from-the-closet/image-generation.html]
[sites.google.com/apps.district196.org/total-darkness/games-from-the-closet/scam.html]
[sites.google.com/apps.district196.org/total-darkness/games-from-the-closet/never-leave.html]
[sites.google.com/apps.district196.org/total-darkness/bear-traps.html]
[sites.google.com/apps.district196.org/total-darkness/bear-traps/files.html]
[sites.google.com/apps.district196.org/total-darkness/bear-traps/sound-of-death.html]
[sites.google.com/apps.district196.org/total-darkness/lets-play-a-game.html]
[sites.google.com/apps.district196.org/total-darkness/lets-play-a-game/the-test-of-death.html]
[sites.google.com/apps.district196.org/total-darkness/lets-play-a-game/pawns.html]
[sites.google.com/apps.district196.org/total-darkness/lets-play-a-game/case-of-murder.html]
[sites.google.com/apps.district196.org/total-darkness/lets-play-a-game/minions.html]
[sites.google.com/apps.district196.org/total-darkness/lets-play-a-game/cycle-of-death.html]
[sites.google.com/apps.district196.org/total-darkness/lets-play-a-game/getaway-shootout.html]
[sites.google.com/apps.district196.org/total-darkness/lets-play-a-game/ramp.html]
[sites.google.com/apps.district196.org/total-darkness/lets-play-a-game/he-will-find-you.html]
[sites.google.com/apps.district196.org/total-darkness/lets-play-a-game/car-of-souls.html]
[sites.google.com/apps.district196.org/total-darkness/lets-play-a-game/click-stay.html]
[sites.google.com/apps.district196.org/total-darkness/lets-play-a-game/fly-and-die.html]
[sites.google.com/apps.district196.org/total-darkness/lets-play-a-game/battle-its-all-meaningless.html]
[sites.google.com/apps.district196.org/total-darkness/lets-play-a-game/five-night-as-hell.html]
[sites.google.com/apps.district196.org/total-darkness/lets-play-a-game/plunder-your-life-away.html]
[sites.google.com/apps.district196.org/total-darkness/lets-play-a-game/fight-my-minions.html]
[sites.google.com/apps.district196.org/total-darkness/lets-play-a-game/she-sees-you.html]
[sites.google.com/apps.district196.org/total-darkness/lets-play-a-game/a-doorway.html]
[sites.google.com/apps.district196.org/total-darkness/lets-play-a-game/draw-a-escape.html]
[sites.google.com/apps.district196.org/total-darkness/lets-play-a-game/he-swings-to-freedom.html]
[sites.google.com/apps.district196.org/total-darkness/lets-play-a-game/wolves-are-your-friends.html]
[sites.google.com/apps.district196.org/total-darkness/lets-play-a-game/life-in-my-grasp.html]
[sites.google.com/apps.district196.org/total-darkness/lets-play-a-game/defelction.html]
[sites.google.com/apps.district196.org/total-darkness/lets-play-a-game/my-minions-trys-to-defeat-the-soul.html]
[sites.google.com/apps.district196.org/total-darkness/lets-play-a-game/murder.html]
[sites.google.com/apps.district196.org/total-darkness/lets-play-a-game/spike-of-jump.html]
[sites.google.com/apps.district196.org/total-darkness/lets-play-a-game/paint-the-picture.html]
[sites.google.com/apps.district196.org/total-darkness/lets-play-a-game/a-beating-heart.html]
[sites.google.com/apps.district196.org/total-darkness/lets-play-a-game/slip-and-die.html]
[sites.google.com/apps.district196.org/total-darkness/lets-play-a-game/are-you-the-villian.html]
[sites.google.com/apps.district196.org/total-darkness/lets-play-a-game/push-to-there-icy-death.html]
[sites.google.com/apps.district196.org/total-darkness/lets-play-a-game/your-taking-to-many-lifes.html]
[sites.google.com/apps.district196.org/total-darkness/lets-play-a-game/let-the-dog-die.html]
[sites.google.com/apps.district196.org/total-darkness/lets-play-a-game/fire-balls.html]
[sites.google.com/apps.district196.org/total-darkness/lets-play-a-game/minibattles.html]
[sites.google.com/apps.district196.org/total-darkness/the-house.html]
[sites.google.com/apps.district196.org/total-darkness/the-house/progress.html]
[sites.google.com/apps.district196.org/total-darkness/games-from-the-house.html]
[sites.google.com/apps.district196.org/total-darkness/lets-play-a-game/clicker-monsters.html]
[sites.google.com/apps.district196.org/total-darkness/games-from-the-house/_https_/websim.ai/google/___title_Google_/title_.63.delayed]
[sites.google.com/apps.district196.org/total-darkness/games-from-the-house/defeat-ai.html]
[sites.google.com/apps.district196.org/total-darkness/games-from-the-house/_https_/websim.ai/c/cosmicharmony/___title_Cosmic.64.delayed]
[sites.google.com/apps.district196.org/total-darkness/games-from-the-house/do-you-matter.html]
[sites.google.com/apps.district196.org/total-darkness/games-from-the-house/_https_/websim.65.delayed]
[sites.google.com/apps.district196.org/total-darkness/games-from-the-house/_https_/cdnjs.cloudflare.com/ajax/libs/three.js/r128/three.min.js___/script_.66.delayed]
[sites.google.com/apps.district196.org/total-darkness/games-from-the-house/_https_/cdnjs.cloudflare.com/ajax/libs/nipplejs/0.9.0/nipplejs.min.js___/script_.67.delayed]
[sites.google.com/apps.district196.org/total-darkness/games-from-the-house/shoot.html]
[sites.google.com/apps.district196.org/total-darkness/games-from-the-house/_https_/websim.ai/c/monaco-ai-ide-chat-v16_.68.delayed]
[sites.google.com/apps.district196.org/total-darkness/games-from-the-house/_https_/unpkg.com/monaco-editor@latest/min/vs/loader.js___/script_.69.delayed]
[sites.google.com/apps.district196.org/total-darkness/games-from-the-house/code-of-stuff.html]
[sites.google.com/apps.district196.org/total-darkness/games-from-the-house/_https_/WebExplorer.6a.delayed]
[sites.google.com/apps.district196.org/total-darkness/games-from-the-house/_about_blank_.6b.delayed]
[sites.google.com/apps.district196.org/total-darkness/games-from-the-house/_https_/WebExplorer.net/browse.6c0ff0.delayed]
[sites.google.com/apps.district196.org/total-darkness/games-from-the-house/_https_/WebExplorer.net/browse.6dde77.delayed]
[sites.google.com/apps.district196.org/total-darkness/games-from-the-house/_https_/WebExplorer.net/browse.6e2a9e.delayed]
[sites.google.com/apps.district196.org/total-darkness/games-from-the-house/urlInput.6f.delayed]
[sites.google.com/apps.district196.org/total-darkness/games-from-the-house/'https_/'.70.delayed]
[sites.google.com/apps.district196.org/total-darkness/games-from-the-house/dark-explorer.html]
[sites.google.com/apps.district196.org/total-darkness/games-from-the-house/_https_/www.GPT6.7182fe.delayed]
[sites.google.com/apps.district196.org/total-darkness/games-from-the-house/_https_/fonts.googleapis.com/css2.724564.delayed]
[sites.google.com/apps.district196.org/total-darkness/games-from-the-house/_https_/cdnjs.cloudflare.com/ajax/libs/pdf.js/2.9.359/pdf.min.js___/script_.73.delayed]
[sites.google.com/apps.district196.org/total-darkness/games-from-the-house/ai-oberrise.html]
[sites.google.com/apps.district196.org/total-darkness/games-from-the-house/_https_/.cuboidal-quantum.superposition/manifolds.74.delayed]
[sites.google.com/apps.district196.org/total-darkness/games-from-the-house/simpleism.html]
[sites.google.com/apps.district196.org/total-darkness/games-from-the-house/squarelines.html]
[sites.google.com/apps.district196.org/total-darkness/games-from-the-house/_https_/cdn.akamai.steamstatic.com/steam/apps/358960/___title_Neon.75.delayed]
[sites.google.com/apps.district196.org/total-darkness/games-from-the-house/_https_/cdn1.suno.ai/aa5fab80-8ebe-429f-aee0-3366d7f2dbdb.76.delayed]
[sites.google.com/apps.district196.org/total-darkness/games-from-the-house/run-from-the-house.html]
[sites.google.com/apps.district196.org/total-darkness/games-from-the-house/_https_/websim.ai/c/incremental-garden-simulator-2023/_.77.delayed]
[sites.google.com/apps.district196.org/total-darkness/games-from-the-house/_data_audio/wav;base64,UklGRigAAABXQVZFZm10IBIAAAABAAEARKwAAIhYAQACABAAAABkYXRhAgAAAAEA_.78.delayed]
[sites.google.com/apps.district196.org/total-darkness/games-from-the-house/_data_audio/wav;base64,UklGRigAAABXQVZFZm10IBIAAAABAAEARKwAAIhYAQACABAAAABkYXRhAgAAAAIA_.79.delayed]
[sites.google.com/apps.district196.org/total-darkness/games-from-the-house/_data_audio/wav;base64,UklGRigAAABXQVZFZm10IBIAAAABAAEARKwAAIhYAQACABAAAABkYXRhAgAAAAMA_.7a.delayed]
[sites.google.com/apps.district196.org/total-darkness/games-from-the-house/plant-or-else.html]
[sites.google.com/apps.district196.org/total-darkness/games-from-the-house/_https_/battle-arena-simulator.com/__.7b.delayed]
[sites.google.com/apps.district196.org/total-darkness/games-from-the-house/battle.html]
[sites.google.com/apps.district196.org/total-darkness/games-from-the-house/_https_/4dimensi-4D Musical-bola jatuh dan berbunyi note berbeda___title_4D.7c.delayed]
[sites.google.com/apps.district196.org/total-darkness/games-from-the-house/dodge.html]
[sites.google.com/apps.district196.org/total-darkness/games-from-the-house/_https_/desktop.websim.ai/Justin-CyberOS-Case/home_.7d.delayed]
[sites.google.com/apps.district196.org/total-darkness/games-from-the-house/_https_/fonts.googleapis.com/css2.7ed8e1.delayed]
[sites.google.com/apps.district196.org/total-darkness/games-from-the-house/_${url}_.7f.delayed]
[sites.google.com/apps.district196.org/total-darkness/games-from-the-house/_.80.delayed]
[sites.google.com/apps.district196.org/total-darkness/games-from-the-house/are-you-really-here.html]
[sites.google.com/apps.district196.org/total-darkness/games-from-the-house/_https_/websim.ai/c/codepen-clone-v5_.81.delayed]
[sites.google.com/apps.district196.org/total-darkness/games-from-the-house/code-of-conduct.html]
[sites.google.com/apps.district196.org/total-darkness/games-from-the-house/_https_/example.com/__.82.delayed]
[sites.google.com/apps.district196.org/total-darkness/games-from-the-house/URL.83.delayed]
[sites.google.com/apps.district196.org/total-darkness/games-from-the-house/nighmare-to-reality.html]
[sites.google.com/apps.district196.org/total-darkness/games-from-the-house/_https_/websim.ai/___title_Lost.84.delayed]
[sites.google.com/apps.district196.org/total-darkness/games-from-the-house/harmonic.html]
[sites.google.com/apps.district196.org/total-darkness/games-from-the-house/_https_/cdnjs.cloudflare.com/ajax/libs/gl-matrix/2.8.1/gl-matrix-min.js___/script_.85.delayed]
[sites.google.com/apps.district196.org/total-darkness/games-from-the-house/fractal-shards.html]
[sites.google.com/apps.district196.org/total-darkness/games-from-the-house/_https_/8bitgen.com/___title_8-Bit.86.delayed]
[sites.google.com/apps.district196.org/total-darkness/games-from-the-house/_https_/8bitgen.com/about__About_/a_.87.delayed]
[sites.google.com/apps.district196.org/total-darkness/games-from-the-house/_https_/8bitgen.com/gallery__Song.88.delayed]
[sites.google.com/apps.district196.org/total-darkness/games-from-the-house/_https_/8bitgen.com/api__Developer.89.delayed]
[sites.google.com/apps.district196.org/total-darkness/games-from-the-house/8-bit-infinity.html]
[sites.google.com/apps.district196.org/total-darkness/games-from-the-house/_https_/grammargame.edu/___title_GrammarQuest_.8a.delayed]
[sites.google.com/apps.district196.org/total-darkness/games-from-the-house/grammar-quest.html]
[sites.google.com/apps.district196.org/total-darkness/games-from-the-house/_xech_/game.vampiresimvivors/v2.8b.delayed]
[sites.google.com/apps.district196.org/total-darkness/games-from-the-house/_https_/websim.ai/@Xech_.8c.delayed]
[sites.google.com/apps.district196.org/total-darkness/games-from-the-house/vampire-survivors-2-0.html]
[sites.google.com/apps.district196.org/total-darkness/games-from-the-house/_https_/fonts.googleapis.com/css2.8d3385.delayed]
[sites.google.com/apps.district196.org/total-darkness/games-from-the-house/roll-for-time-of-death.html]
[sites.google.com/apps.district196.org/total-darkness/games-from-the-house/_https_/3dlogoanimate.com élargie l'espace de background jusque 9/16___title_3D.8e.delayed]
[sites.google.com/apps.district196.org/total-darkness/games-from-the-house/_placeholder-logo.8f.delayed]
[sites.google.com/apps.district196.org/total-darkness/games-from-the-house/logo-animator.html]
[sites.google.com/apps.district196.org/total-darkness/games-from-the-house/_https_/websim.ai/___title_Lucky.90.delayed]
[sites.google.com/apps.district196.org/total-darkness/games-from-the-house/lucks-run-out.html]
[sites.google.com/apps.district196.org/total-darkness/games-from-the-house/_https_/websim.ai/__.91.delayed]
[sites.google.com/apps.district196.org/total-darkness/games-from-the-house/the-enigma-nexus.html]
[sites.google.com/apps.district196.org/total-darkness/games-from-the-house/_https_/slitherclone.ai/_.92.delayed]
[sites.google.com/apps.district196.org/total-darkness/games-from-the-house/snakes-will-come.html]
[sites.google.com/apps.district196.org/total-darkness/games-from-the-house/_https_/websim.ai/_.93.delayed]
[sites.google.com/apps.district196.org/total-darkness/games-from-the-house/_https_/cdn.jsdelivr.net/npm/three@0.128.0/examples/js/controls/PointerLockControls.js___/script_.94.delayed]
[sites.google.com/apps.district196.org/total-darkness/games-from-the-house/_https_/cdnjs.cloudflare.com/ajax/libs/simplex-noise/2.4.0/simplex-noise.min.js___/script_.95.delayed]
[sites.google.com/apps.district196.org/total-darkness/games-from-the-house/mc.html]
[sites.google.com/apps.district196.org/total-darkness/games-from-the-house/_https_/melody-maker.96.delayed]
[sites.google.com/apps.district196.org/total-darkness/games-from-the-house/beats-of-death.html]
[sites.google.com/apps.district196.org/total-darkness/games-from-the-house/_https_/fonts.googleapis.com/css2.975adf.delayed]
[sites.google.com/apps.district196.org/total-darkness/games-from-the-house/e.target.98.delayed]
[sites.google.com/apps.district196.org/total-darkness/games-from-the-house/gpt-5.html]
[sites.google.com/apps.district196.org/total-darkness/games-from-the-house/pre.99.delayed]
[sites.google.com/apps.district196.org/total-darkness/games-from-the-house/claudex.html]
[sites.google.com/apps.district196.org/total-darkness/games-from-the-house/_https_/websim.ai/c/spacejunk-tycoon/___title_Space.9a.delayed]
[sites.google.com/apps.district196.org/total-darkness/games-from-the-house/junk-of-waste.html]
[sites.google.com/apps.district196.org/total-darkness/games-from-the-house/_https_/chrome.extension.9b.delayed]
[sites.google.com/apps.district196.org/total-darkness/games-from-the-house/_https_/cdnjs.cloudflare.com/ajax/libs/codemirror/5.65.2/codemirror.min.9c.delayed]
[sites.google.com/apps.district196.org/total-darkness/games-from-the-house/_https_/cdnjs.cloudflare.com/ajax/libs/codemirror/5.65.2/theme/monokai.min.9d.delayed]
[sites.google.com/apps.district196.org/total-darkness/games-from-the-house/_popup.js___/script_.9e.delayed]
[sites.google.com/apps.district196.org/total-darkness/games-from-the-house/_https_/cdnjs.cloudflare.com/ajax/libs/codemirror/5.65.2/codemirror.min.js___/script_.9f.delayed]
[sites.google.com/apps.district196.org/total-darkness/games-from-the-house/_https_/cdnjs.cloudflare.com/ajax/libs/codemirror/5.65.2/mode/javascript/javascript.min.js___/script_.a0.delayed]
[sites.google.com/apps.district196.org/total-darkness/games-from-the-house/_https_/cdnjs.cloudflare.com/ajax/libs/codemirror/5.65.2/mode/htmlmixed/htmlmixed.min.js___/script_.a1.delayed]
[sites.google.com/apps.district196.org/total-darkness/games-from-the-house/_https_/cdnjs.cloudflare.com/ajax/libs/codemirror/5.65.2/addon/edit/matchbrackets.min.js___/script_.a2.delayed]
[sites.google.com/apps.district196.org/total-darkness/games-from-the-house/_https_/cdnjs.cloudflare.com/ajax/libs/codemirror/5.65.2/addon/search/match-highlighter.min.js___/script_.a3.delayed]
[sites.google.com/apps.district196.org/total-darkness/games-from-the-house/URL.a4.delayed]
[sites.google.com/apps.district196.org/total-darkness/games-from-the-house/_https_/cdnjs.cloudflare.com/ajax/libs/jszip/3.7.1/jszip.min.js___/script_.a5.delayed]
[sites.google.com/apps.district196.org/total-darkness/games-from-the-house/cem-chrome-extension-maker.html]
[sites.google.com/apps.district196.org/total-darkness/games-from-the-house/_https_/websim.ai/interactive-console/__.a6.delayed]
[sites.google.com/apps.district196.org/total-darkness/games-from-the-house/interactive-web-console.html]
[sites.google.com/apps.district196.org/total-darkness/games-from-the-house/_https_/websim.a7.delayed]
[sites.google.com/apps.district196.org/total-darkness/games-from-the-house/_https_/cdnjs.cloudflare.com/ajax/libs/howler/2.2.3/howler.min.js___/script_.a8.delayed]
[sites.google.com/apps.district196.org/total-darkness/games-from-the-house/new.a9.delayed]
[sites.google.com/apps.district196.org/total-darkness/games-from-the-house/rolling-to-the-abyss.html]
[sites.google.com/apps.district196.org/total-darkness/games-from-the-house/char.aa.delayed]
[sites.google.com/apps.district196.org/total-darkness/games-from-the-house/demon-code-generator.html]
[sites.google.com/apps.district196.org/total-darkness/games-from-the-house/_https_/websim.ai/create___meta.ab.delayed]
[sites.google.com/apps.district196.org/total-darkness/games-from-the-house/_https_/websim.ai/logo.ac.delayed]
[sites.google.com/apps.district196.org/total-darkness/games-from-the-house/document.getElementById('url').ad.delayed]
[sites.google.com/apps.district196.org/total-darkness/games-from-the-house/website-sim.html]
[sites.google.com/apps.district196.org/total-darkness/games-from-the-house/_javascript_(function(){var.ae.delayed]
[sites.google.com/apps.district196.org/total-darkness/games-from-the-house/bht.html]
[sites.google.com/apps.district196.org/total-darkness/games-from-the-house/_https_/websim.ai_/_.af.delayed]
[sites.google.com/apps.district196.org/total-darkness/games-from-the-house/ai-vs-you.html]
[sites.google.com/apps.district196.org/total-darkness/games-from-the-house/_https_/photogen-ai.com/ everything with img tag , all images on this website should have a 'max-width_ 100% !important;'__.b0.delayed]
[sites.google.com/apps.district196.org/total-darkness/games-from-the-house/hi.html]
[sites.google.com/apps.district196.org/total-darkness/games-from-the-house/_https_/minesweeper-clone.com/_.b1.delayed]
[sites.google.com/apps.district196.org/total-darkness/games-from-the-house/minesweeper.html]
[sites.google.com/apps.district196.org/total-darkness/games-from-the-house/_https_/threejs.org/examples/_.b2.delayed]
[sites.google.com/apps.district196.org/total-darkness/games-from-the-house/_https_/file.garden/ZqkDHrmuZGkZD3Ia/Magma Client (Flat)_.b3.delayed]
[sites.google.com/apps.district196.org/total-darkness/games-from-the-house/minecraft-v2.html]
[sites.google.com/apps.district196.org/total-darkness/games-from-the-house/_https_/discord.b4.delayed]
[sites.google.com/apps.district196.org/total-darkness/games-from-the-house/_https_/media.discordapp.net/attachments/1118076831418028082/1269078974286532741/9CGNwb5.b5466e.delayed]
[sites.google.com/apps.district196.org/total-darkness/games-from-the-house/_https_/media.discordapp.net/attachments/1118076831418028082/1269080721109159936/GobF5Ul.b65c2c.delayed]
[sites.google.com/apps.district196.org/total-darkness/games-from-the-house/{.b7.delayed]
[sites.google.com/apps.district196.org/total-darkness/games-from-the-house/discord.html]
[sites.google.com/apps.district196.org/total-darkness/games-from-the-house/_https_/every-ai-chat-free.com/___meta.b8.delayed]
[sites.google.com/apps.district196.org/total-darkness/games-from-the-house/every-ai-free.html]
[sites.google.com/apps.district196.org/total-darkness/games-from-the-house/_https_/epic-platform-jumper.example.com/__.b9.delayed]
[sites.google.com/apps.district196.org/total-darkness/games-from-the-house/platform-jumper-4.html]
[sites.google.com/apps.district196.org/total-darkness/games-from-the-house/_https_/csgo-crate-gambling.com/__.ba.delayed]
[sites.google.com/apps.district196.org/total-darkness/games-from-the-house/csgo-gambling.html]
[sites.google.com/apps.district196.org/total-darkness/games-from-the-house/8-ball-pool.html]
[sites.google.com/apps.district196.org/total-darkness/games-from-the-house/_https_/www.shadertoy.com/__.bb.delayed]
[sites.google.com/apps.district196.org/total-darkness/games-from-the-house/shaders4.html]
[sites.google.com/apps.district196.org/total-darkness/games-from-the-closet.html]
[sites.google.com/apps.district196.org/total-darkness/games-from-the-closet/feeding-rng.html]
[sites.google.com/apps.district196.org/total-darkness/games-from-the-closet/tic-tac-death.html]
[sites.google.com/apps.district196.org/total-darkness/games-from-the-closet/roll-for-time-to-die.html]
[sites.google.com/apps.district196.org/total-darkness/games-from-the-closet/dode-the-rakers.html]
[sites.google.com/apps.district196.org/total-darkness/games-from-the-closet/depression.html]
[sites.google.com/apps.district196.org/total-darkness/games-from-the-closet/pong-of-souls.html]
[sites.google.com/apps.district196.org/total-darkness/games-from-the-closet/_${imageUrl}_.bc.delayed]
[sites.google.com/apps.district196.org/total-darkness/games-from-the-closet/image-generation.html]
[sites.google.com/apps.district196.org/total-darkness/games-from-the-closet/_https_/www.soundjay.com/button/beep-07.bd.delayed]
[sites.google.com/apps.district196.org/total-darkness/games-from-the-closet/_https_/www.soundjay.com/button/beep-06.be.delayed]
[sites.google.com/apps.district196.org/total-darkness/games-from-the-closet/_https_/www.soundjay.com/button/beep-05.bf.delayed]
[sites.google.com/apps.district196.org/total-darkness/games-from-the-closet/_${annoyance.c0.delayed]
[sites.google.com/apps.district196.org/total-darkness/games-from-the-closet/scam.html]
[sites.google.com/apps.district196.org/total-darkness/games-from-the-closet/never-leave.html]
[sites.google.com/apps.district196.org/total-darkness/bear-traps.html]
[sites.google.com/apps.district196.org/total-darkness/bear-traps/files.html]
[sites.google.com/apps.district196.org/total-darkness/bear-traps/_/style.c1.delayed]
[sites.google.com/apps.district196.org/total-darkness/bear-traps/_/sounds/Angels.c2.delayed]
[sites.google.com/apps.district196.org/total-darkness/bear-traps/_/sounds/Cinematic.c3.delayed]
[sites.google.com/apps.district196.org/total-darkness/bear-traps/_/sounds/Conspiracy.c4.delayed]
[sites.google.com/apps.district196.org/total-darkness/bear-traps/_/sounds/Crickets.mp3___/audio_.c5.delayed]
[sites.google.com/apps.district196.org/total-darkness/bear-traps/_/sounds/Crowd.c6.delayed]
[sites.google.com/apps.district196.org/total-darkness/bear-traps/_/sounds/Dolphin.mp3___/audio_.c7.delayed]
[sites.google.com/apps.district196.org/total-darkness/bear-traps/_/sounds/Drum.c8.delayed]
[sites.google.com/apps.district196.org/total-darkness/bear-traps/_/sounds/Kids.c9.delayed]
[sites.google.com/apps.district196.org/total-darkness/bear-traps/_/sounds/Long.ca.delayed]
[sites.google.com/apps.district196.org/total-darkness/bear-traps/_/sounds/Painful.cb.delayed]
[sites.google.com/apps.district196.org/total-darkness/bear-traps/_/sounds/Punch.cc.delayed]
[sites.google.com/apps.district196.org/total-darkness/bear-traps/_/sounds/Reloading.mp3___/audio_.cd.delayed]
[sites.google.com/apps.district196.org/total-darkness/bear-traps/_/sounds/Rubber.ce.delayed]
[sites.google.com/apps.district196.org/total-darkness/bear-traps/_/script.js___/script_.cf.delayed]
[sites.google.com/apps.district196.org/total-darkness/bear-traps/_mystle.d0.delayed]
[sites.google.com/apps.district196.org/total-darkness/bear-traps/_fotoalbum.d1.delayed]
[sites.google.com/apps.district196.org/total-darkness/bear-traps/_kankerophetmoment.d2.delayed]
[sites.google.com/apps.district196.org/total-darkness/bear-traps/_yeeboii.d3.delayed]
[sites.google.com/apps.district196.org/total-darkness/bear-traps/_its.d4.delayed]
[sites.google.com/apps.district196.org/total-darkness/bear-traps/_headshotomg.d5.delayed]
[sites.google.com/apps.district196.org/total-darkness/bear-traps/_ASMR.d6.delayed]
[sites.google.com/apps.district196.org/total-darkness/bear-traps/_main.d7.delayed]
[sites.google.com/apps.district196.org/total-darkness/bear-traps/_assets/bass_sample.mp3___/audio_.d8.delayed]
[sites.google.com/apps.district196.org/total-darkness/bear-traps/_assets/hh_sample.mp3___/audio_.d9.delayed]
[sites.google.com/apps.district196.org/total-darkness/bear-traps/_assets/clap_sample.mp3___/audio_.da.delayed]
[sites.google.com/apps.district196.org/total-darkness/bear-traps/_assets/MM-TDHQ-808-08.wav___/audio_.db.delayed]
[sites.google.com/apps.district196.org/total-darkness/bear-traps/_assets/MM-TDHQ-Snare-12.wav___/audio_.dc.delayed]
[sites.google.com/apps.district196.org/total-darkness/bear-traps/_assets/MM-TDHQ-Clean808-HC.wav___/audio_.dd.delayed]
[sites.google.com/apps.district196.org/total-darkness/bear-traps/_assets/MM-TDHQ-Rides-14.wav___/audio_.de.delayed]
[sites.google.com/apps.district196.org/total-darkness/bear-traps/_assets/MM-TDHQ-FX-04.wav___/audio_.df.delayed]
[sites.google.com/apps.district196.org/total-darkness/bear-traps/_assets/trapBeat1-115bpm.wav___/audio_.e0.delayed]
[sites.google.com/apps.district196.org/total-darkness/bear-traps/_assets/uhh.mp3___/audio_.e1.delayed]
[sites.google.com/apps.district196.org/total-darkness/bear-traps/_assets/lovely.e2.delayed]
[sites.google.com/apps.district196.org/total-darkness/bear-traps/_assets/NoComment.mp3___/audio_.e3.delayed]
[sites.google.com/apps.district196.org/total-darkness/bear-traps/_assets/usedToWantIt.mp3___/audio_.e4.delayed]
[sites.google.com/apps.district196.org/total-darkness/bear-traps/_assets/itsATrend.mp3___/audio_.e5.delayed]
[sites.google.com/apps.district196.org/total-darkness/bear-traps/_assets/whyDontYouTakeShowers.mp3___/audio_.e6.delayed]
[sites.google.com/apps.district196.org/total-darkness/bear-traps/_assets/amIGonnaDie.mp3___/audio_.e7.delayed]
[sites.google.com/apps.district196.org/total-darkness/bear-traps/_assets/amIGonnaStarve.mp3___/audio_.e8.delayed]
[sites.google.com/apps.district196.org/total-darkness/bear-traps/_assets/nessarity.mp3___/audio_.e9.delayed]
[sites.google.com/apps.district196.org/total-darkness/bear-traps/_assets/theyCannotTell.mp3___/audio_.ea.delayed]
[sites.google.com/apps.district196.org/total-darkness/bear-traps/_assets/whyDoIBath.mp3___/audio_.eb.delayed]
[sites.google.com/apps.district196.org/total-darkness/bear-traps/_assets/whyDoIShower.mp3___/audio_.ec.delayed]
[sites.google.com/apps.district196.org/total-darkness/bear-traps/_assets/saveSomeMoney.mp3___/audio_.ed.delayed]
[sites.google.com/apps.district196.org/total-darkness/bear-traps/_assets/planOnLosingWeight.mp3___/audio_.ee.delayed]
[sites.google.com/apps.district196.org/total-darkness/bear-traps/_assets/guiltyWantIt.mp3___/audio_.ef.delayed]
[sites.google.com/apps.district196.org/total-darkness/bear-traps/_assets/whatDoIGet.mp3___/audio_.f0.delayed]
[sites.google.com/apps.district196.org/total-darkness/bear-traps/_assets/darkPad1.wav___/audio_.f1.delayed]
[sites.google.com/apps.district196.org/total-darkness/bear-traps/_assets/darkPad2.wav___/audio_.f2.delayed]
[sites.google.com/apps.district196.org/total-darkness/bear-traps/_assets/trapPiano.wav___/audio_.f3.delayed]
[sites.google.com/apps.district196.org/total-darkness/bear-traps/_assets/___/audio_.f4.delayed]
[sites.google.com/apps.district196.org/total-darkness/bear-traps/_www.danluf.com__www.danluf.com_/a_._/li_.f5.delayed]
[sites.google.com/apps.district196.org/total-darkness/bear-traps/_app.js___/script_.f6.delayed]
[sites.google.com/apps.district196.org/total-darkness/bear-traps/sound-of-death.html]
[sites.google.com/apps.district196.org/total-darkness/lets-play-a-game.html]
[sites.google.com/apps.district196.org/total-darkness/lets-play-a-game/the-test-of-death.html]
[sites.google.com/apps.district196.org/total-darkness/lets-play-a-game/_http_/www.whatbrowser.f7.delayed]
[sites.google.com/apps.district196.org/total-darkness/lets-play-a-game/_http_/www.microsoft.com/windows/internet-explorer/default.f8.delayed]
[sites.google.com/apps.district196.org/total-darkness/lets-play-a-game/_http_/www.mozilla.com/firefox/__Mozilla.f9.delayed]
[sites.google.com/apps.district196.org/total-darkness/lets-play-a-game/_http_/www.google.com/chrome/__Google.fa.delayed]
[sites.google.com/apps.district196.org/total-darkness/lets-play-a-game/_http_/www.apple.com/safari/download/__Apple.fb.delayed]
[sites.google.com/apps.district196.org/total-darkness/lets-play-a-game/_https_/279362704-648691600325733615.preview.editmysite.com/uploads/b/139890129-695123685186939346/files/jquery-2.1.1.min.js___/script_.fc.delayed]
[sites.google.com/apps.district196.org/total-darkness/lets-play-a-game/_https_/279362704-648691600325733615.preview.editmysite.com/uploads/b/139890129-695123685186939346/files/c2runtime.js___/script_.fd.delayed]
[sites.google.com/apps.district196.org/total-darkness/lets-play-a-game/pawns.html]
[sites.google.com/apps.district196.org/total-darkness/lets-play-a-game/case-of-murder.html]
[sites.google.com/apps.district196.org/total-darkness/lets-play-a-game/minions.html]
[sites.google.com/apps.district196.org/total-darkness/lets-play-a-game/_https_/495736294-748527490385016284.preview.editmysite.com/uploads/b/139890129-814380694318390325/files/progress.fe.delayed]
[sites.google.com/apps.district196.org/total-darkness/lets-play-a-game/cycle-of-death.html]
[sites.google.com/apps.district196.org/total-darkness/lets-play-a-game/_https_/infinitecraftgame.github.io/getaway-shootout/_.ff.delayed]
[sites.google.com/apps.district196.org/total-darkness/lets-play-a-game/_https_/infinitecraftgame.github.io/img/v6j7b5675c54x.100.delayed]
[sites.google.com/apps.district196.org/total-darkness/lets-play-a-game/_/favicon.101.delayed]
[sites.google.com/apps.district196.org/total-darkness/lets-play-a-game/_/fontawesome/css/all.min.102.delayed]
[sites.google.com/apps.district196.org/total-darkness/lets-play-a-game/_https_/fonts.googleapis.com/css2.1037ce2.delayed]
[sites.google.com/apps.district196.org/total-darkness/lets-play-a-game/_/css/bootstrap.min.104.delayed]
[sites.google.com/apps.district196.org/total-darkness/lets-play-a-game/_https_/kit.fontawesome.com/b86c75542b.105.delayed]
[sites.google.com/apps.district196.org/total-darkness/lets-play-a-game/_https_/pagead2.googlesyndication.com/pagead/js/adsbygoogle.106be75.delayed]
[sites.google.com/apps.district196.org/total-darkness/lets-play-a-game/_/_.107.delayed]
[sites.google.com/apps.district196.org/total-darkness/lets-play-a-game/_/sports-games/_.108.delayed]
[sites.google.com/apps.district196.org/total-darkness/lets-play-a-game/_/car-games/_.109.delayed]
[sites.google.com/apps.district196.org/total-darkness/lets-play-a-game/_/3d-games/_.10a.delayed]
[sites.google.com/apps.district196.org/total-darkness/lets-play-a-game/_/shooting-games/_.10b.delayed]
[sites.google.com/apps.district196.org/total-darkness/lets-play-a-game/_/adventure-games/_.10c.delayed]
[sites.google.com/apps.district196.org/total-darkness/lets-play-a-game/_/privacy-policy/_.10d.delayed]
[sites.google.com/apps.district196.org/total-darkness/lets-play-a-game/_https_/fb.10e.delayed]
[sites.google.com/apps.district196.org/total-darkness/lets-play-a-game/_https_/twitter.10f.delayed]
[sites.google.com/apps.district196.org/total-darkness/lets-play-a-game/_https_/instagram.110.delayed]
[sites.google.com/apps.district196.org/total-darkness/lets-play-a-game/_https_/linkedin.111.delayed]
[sites.google.com/apps.district196.org/total-darkness/lets-play-a-game/_https_/tv2104.github.io/g4/getaway-shootout___/iframe__/noindex_.112.delayed]
[sites.google.com/apps.district196.org/total-darkness/lets-play-a-game/_/img/v6j7b5675c54x.113.delayed]
[sites.google.com/apps.district196.org/total-darkness/lets-play-a-game/_/temple-run-2/_.114.delayed]
[sites.google.com/apps.district196.org/total-darkness/lets-play-a-game/_/img/vehcr5eh5chfff.115.delayed]
[sites.google.com/apps.district196.org/total-darkness/lets-play-a-game/_/slope/_.116.delayed]
[sites.google.com/apps.district196.org/total-darkness/lets-play-a-game/_/img/cyhc4x4g5xg4z4x.117.delayed]
[sites.google.com/apps.district196.org/total-darkness/lets-play-a-game/_/running-fred/_.118.delayed]
[sites.google.com/apps.district196.org/total-darkness/lets-play-a-game/_/img/vyj6h5e4hc56.119.delayed]
[sites.google.com/apps.district196.org/total-darkness/lets-play-a-game/_/snow-rider-3d/_.11a.delayed]
[sites.google.com/apps.district196.org/total-darkness/lets-play-a-game/_/img/e768b7v54ch4565x.11b.delayed]
[sites.google.com/apps.district196.org/total-darkness/lets-play-a-game/_/crazy-cars/_.11c.delayed]
[sites.google.com/apps.district196.org/total-darkness/lets-play-a-game/_/img/45gx34wz35xg4xzgz4.11d.delayed]
[sites.google.com/apps.district196.org/total-darkness/lets-play-a-game/_/funny-shooter-2/_.11e.delayed]
[sites.google.com/apps.district196.org/total-darkness/lets-play-a-game/_/img/43x5t3g45g4x5g.11f.delayed]
[sites.google.com/apps.district196.org/total-darkness/lets-play-a-game/_https_/www.liveinternet.ru/click_.120.delayed]
[sites.google.com/apps.district196.org/total-darkness/lets-play-a-game/_data_image/gif;base64,R0lGODlhAQABAIAAAAAAAP/yH5BAEAAAEALAAAAAABAAEAAAIBTAA7_.121.delayed]
[sites.google.com/apps.district196.org/total-darkness/lets-play-a-game/_js/jquery.min.js___/script_.122.delayed]
[sites.google.com/apps.district196.org/total-darkness/lets-play-a-game/_js/templatemo-script.js___/script_.123.delayed]
[sites.google.com/apps.district196.org/total-darkness/lets-play-a-game/getaway-shootout.html]
[sites.google.com/apps.district196.org/total-darkness/lets-play-a-game/ramp.html]
[sites.google.com/apps.district196.org/total-darkness/lets-play-a-game/he-will-find-you.html]
[sites.google.com/apps.district196.org/total-darkness/lets-play-a-game/car-of-souls.html]
[sites.google.com/apps.district196.org/total-darkness/lets-play-a-game/click-stay.html]
[sites.google.com/apps.district196.org/total-darkness/lets-play-a-game/fly-and-die.html]
[sites.google.com/apps.district196.org/total-darkness/lets-play-a-game/battle-its-all-meaningless.html]
[sites.google.com/apps.district196.org/total-darkness/lets-play-a-game/five-night-as-hell.html]
[sites.google.com/apps.district196.org/total-darkness/lets-play-a-game/plunder-your-life-away.html]
[sites.google.com/apps.district196.org/total-darkness/lets-play-a-game/fight-my-minions.html]
[sites.google.com/apps.district196.org/total-darkness/lets-play-a-game/she-sees-you.html]
[sites.google.com/apps.district196.org/total-darkness/lets-play-a-game/_logo.png_/_.124.delayed]
[sites.google.com/apps.district196.org/total-darkness/lets-play-a-game/_style.125.delayed]
[sites.google.com/apps.district196.org/total-darkness/lets-play-a-game/_https_/kit.fontawesome.com/a076d05399.126.delayed]
[sites.google.com/apps.district196.org/total-darkness/lets-play-a-game/_https_/pagead2.googlesyndication.com/pagead/js/adsbygoogle.1274003.delayed]
[sites.google.com/apps.district196.org/total-darkness/lets-play-a-game/'https_/static.cloudflareinsights.com/beacon.min.128.delayed]
[sites.google.com/apps.district196.org/total-darkness/lets-play-a-game/_index.129.delayed]
[sites.google.com/apps.district196.org/total-darkness/lets-play-a-game/_index.html__Home_/a__/li_.12a.delayed]
[sites.google.com/apps.district196.org/total-darkness/lets-play-a-game/_dist/index.12b.delayed]
[sites.google.com/apps.district196.org/total-darkness/lets-play-a-game/__svg.12c.delayed]
[sites.google.com/apps.district196.org/total-darkness/lets-play-a-game/_https_/cdnjs.cloudflare.com/ajax/libs/modernizr/2.8.3/modernizr.min.12d.delayed]
[sites.google.com/apps.district196.org/total-darkness/lets-play-a-game/_https_/cdnjs.cloudflare.com/ajax/libs/normalize/5.0.0/normalize.min.12e.delayed]
[sites.google.com/apps.district196.org/total-darkness/lets-play-a-game/_https_/code.jquery.com/jquery-3.6.0.min.js___/script_.12f.delayed]
[sites.google.com/apps.district196.org/total-darkness/lets-play-a-game/_https_/copyofmasite.pages.dev/__the.130.delayed]
[sites.google.com/apps.district196.org/total-darkness/lets-play-a-game/_/Singleplayer_Offline_Download_Version.html__eaglercraft_/a__/span__/p_.131.delayed]
[sites.google.com/apps.district196.org/total-darkness/lets-play-a-game/_/eagleronline/index.132.delayed]
[sites.google.com/apps.district196.org/total-darkness/lets-play-a-game/_/eagleronline.133.delayed]
[sites.google.com/apps.district196.org/total-darkness/lets-play-a-game/_redd.html__slither.io_/a__/span__/p_.134.delayed]
[sites.google.com/apps.district196.org/total-darkness/lets-play-a-game/_Games/retrobowl/index.html__retrobowl_/a__/span__/p_.135.delayed]
[sites.google.com/apps.district196.org/total-darkness/lets-play-a-game/_https_/scratch.mit.edu/users/griffpatch/__griffpatch_/a__/span__/p__/p__/p_.136.delayed]
[sites.google.com/apps.district196.org/total-darkness/lets-play-a-game/_appel.html__appel_/a__/span__/p_.137.delayed]
[sites.google.com/apps.district196.org/total-darkness/lets-play-a-game/_https_/codepen.io/toni-leigh__Toni.138.delayed]
[sites.google.com/apps.district196.org/total-darkness/lets-play-a-game/_tetris/tetris.html__Tetris_/a__/span__/p_.139.delayed]
[sites.google.com/apps.district196.org/total-darkness/lets-play-a-game/_frogger.html__Frogger_/a__/span__/p_.13a.delayed]
[sites.google.com/apps.district196.org/total-darkness/lets-play-a-game/_solitaire/solitaire.html__solitaire_/a__/span__/p_.13b.delayed]
[sites.google.com/apps.district196.org/total-darkness/lets-play-a-game/_tic-tac/index.13c.delayed]
[sites.google.com/apps.district196.org/total-darkness/lets-play-a-game/_uno/index.html__uno_/a__/span__/p_.13d.delayed]
[sites.google.com/apps.district196.org/total-darkness/lets-play-a-game/_Games/basketball-stars/index.13e.delayed]
[sites.google.com/apps.district196.org/total-darkness/lets-play-a-game/_Checkers/index.html__Checkers_/a__/span__/p_.13f.delayed]
[sites.google.com/apps.district196.org/total-darkness/lets-play-a-game/_sm64/index.html__Sm64_/a__/span__/p_.140.delayed]
[sites.google.com/apps.district196.org/total-darkness/lets-play-a-game/_nbajam.141.delayed]
[sites.google.com/apps.district196.org/total-darkness/lets-play-a-game/_osuweb-1/index.142.delayed]
[sites.google.com/apps.district196.org/total-darkness/lets-play-a-game/_sonic2.143.delayed]
[sites.google.com/apps.district196.org/total-darkness/lets-play-a-game/_chormedino/index.144.delayed]
[sites.google.com/apps.district196.org/total-darkness/lets-play-a-game/_1v1lol/index.html__1v1.LOL_/a__/span__/p_.145.delayed]
[sites.google.com/apps.district196.org/total-darkness/lets-play-a-game/_2048/index.html__2048_/a__/span__/p_.146.delayed]
[sites.google.com/apps.district196.org/total-darkness/lets-play-a-game/_stickmanhook/index.147.delayed]
[sites.google.com/apps.district196.org/total-darkness/lets-play-a-game/_stack/index.html__stack_/a__/span__/p_.148.delayed]
[sites.google.com/apps.district196.org/total-darkness/lets-play-a-game/_RUN3/index.149.delayed]
[sites.google.com/apps.district196.org/total-darkness/lets-play-a-game/_https_/gamesthatcannotfitonmainsite.vercel.app/subwaysurfers/__Subway.14a.delayed]
[sites.google.com/apps.district196.org/total-darkness/lets-play-a-game/_cookieclicker/index.14b.delayed]
[sites.google.com/apps.district196.org/total-darkness/lets-play-a-game/_https_/replit.com/@MaxZhang17__@MaxZhang17_/a_.14c.delayed]
[sites.google.com/apps.district196.org/total-darkness/lets-play-a-game/_scuffed/index.14d.delayed]
[sites.google.com/apps.district196.org/total-darkness/lets-play-a-game/_https_/replit.com/@MrVoo__@MrVoo_/a_.14e.delayed]
[sites.google.com/apps.district196.org/total-darkness/lets-play-a-game/_Ballistic-Chickens/index.14f.delayed]
[sites.google.com/apps.district196.org/total-darkness/lets-play-a-game/_https_/gamesthatcannotfitonmainsite.vercel.app/temple-run-2/__Temple.150.delayed]
[sites.google.com/apps.district196.org/total-darkness/lets-play-a-game/_tinyfishing/index.html__Tinyfishing_/a__/span__/p_.151.delayed]
[sites.google.com/apps.district196.org/total-darkness/lets-play-a-game/_Games/bouncybasketball/index.152.delayed]
[sites.google.com/apps.district196.org/total-darkness/lets-play-a-game/_Games/crossyroad/index.html__crossyroad_/a__/span__/p_.153.delayed]
[sites.google.com/apps.district196.org/total-darkness/lets-play-a-game/_Games/cuttherope/index.154.delayed]
[sites.google.com/apps.district196.org/total-darkness/lets-play-a-game/_Games/Fluid-Simulation/index.155.delayed]
[sites.google.com/apps.district196.org/total-darkness/lets-play-a-game/_Coding-stuff/capy-html-viewer/index.156.delayed]
[sites.google.com/apps.district196.org/total-darkness/lets-play-a-game/_https_/piped-ashy.vercel.app/__piped_/a__/span__/p_.157.delayed]
[sites.google.com/apps.district196.org/total-darkness/lets-play-a-game/_https_/replit.com/@SkyeL0L__SkyeL0L.158.delayed]
[sites.google.com/apps.district196.org/total-darkness/lets-play-a-game/_https_/ultraviolet-node-archive.skyel0l.repl.co/__Ultraviolet-Node-Archive_/a__/span__/p_.159.delayed]
[sites.google.com/apps.district196.org/total-darkness/lets-play-a-game/_https_/replit.com/@PyGrammer5__PyGrammer5.15a.delayed]
[sites.google.com/apps.district196.org/total-darkness/lets-play-a-game/_Games/Hoops/index.html__Hoops_/a__/span__/p_.15b.delayed]
[sites.google.com/apps.district196.org/total-darkness/lets-play-a-game/_Games/Missiles/index.html__missiles_/a__/span__/p_.15c.delayed]
[sites.google.com/apps.district196.org/total-darkness/lets-play-a-game/_Games/DriveMad/index.15d.delayed]
[sites.google.com/apps.district196.org/total-darkness/lets-play-a-game/_Games/N-GON/index.html__N-GON_/a__/span__/p_.15e.delayed]
[sites.google.com/apps.district196.org/total-darkness/lets-play-a-game/_Games/SuperSmashFlash1/index.15f.delayed]
[sites.google.com/apps.district196.org/total-darkness/lets-play-a-game/_Games/mfp/index.160.delayed]
[sites.google.com/apps.district196.org/total-darkness/lets-play-a-game/_Games/bitlife.html__Bitlife_/a__/span__/p_.161.delayed]
[sites.google.com/apps.district196.org/total-darkness/lets-play-a-game/_Games/dadish/index.html__dadish_/a__/span__/p_.162.delayed]
[sites.google.com/apps.district196.org/total-darkness/lets-play-a-game/_Games/slope-2/index.163.delayed]
[sites.google.com/apps.district196.org/total-darkness/lets-play-a-game/_Games/wordle.html__Wordle_/a__/span__/p_.164.delayed]
[sites.google.com/apps.district196.org/total-darkness/lets-play-a-game/_Games/a-dance-of-fire-and-ice/index.165.delayed]
[sites.google.com/apps.district196.org/total-darkness/lets-play-a-game/_Games/axisfootballleague/index.html__axisfootballleague_/a__/span__/p_.166.delayed]
[sites.google.com/apps.district196.org/total-darkness/lets-play-a-game/_Games/backrooms/index.html__Backrooms_/a__/span__/p_.167.delayed]
[sites.google.com/apps.district196.org/total-darkness/lets-play-a-game/_Games/bb/index.168.delayed]
[sites.google.com/apps.district196.org/total-darkness/lets-play-a-game/_Games/bloxorz/index.html__bloxorz_/a__/span__/p_.169.delayed]
[sites.google.com/apps.district196.org/total-darkness/lets-play-a-game/_Games/CSGO-clicker/CSGO-Case-Clicker-master/index.16a.delayed]
[sites.google.com/apps.district196.org/total-darkness/lets-play-a-game/_Games/motox3m/index.html__motox3m_/a__/span__/p_.16b.delayed]
[sites.google.com/apps.district196.org/total-darkness/lets-play-a-game/_Games/rooftop-snipers/index.16c.delayed]
[sites.google.com/apps.district196.org/total-darkness/lets-play-a-game/_Games/sandboxels/sandboxels-main/index.html__Sandboxels_/a__/span__/p_.16d.delayed]
[sites.google.com/apps.district196.org/total-darkness/lets-play-a-game/_Games/webosu/webosu-main/index.html__webosu_/a__/span__/p_.16e.delayed]
[sites.google.com/apps.district196.org/total-darkness/lets-play-a-game/_Games/osu!.16f.delayed]
[sites.google.com/apps.district196.org/total-darkness/lets-play-a-game/_Games/Vectoid.170.delayed]
[sites.google.com/apps.district196.org/total-darkness/lets-play-a-game/_Games/Ducky's.171.delayed]
[sites.google.com/apps.district196.org/total-darkness/lets-play-a-game/_Games/emu/GBA/legend-of-zelda-minish-cap/index.172.delayed]
[sites.google.com/apps.district196.org/total-darkness/lets-play-a-game/_Games/emu/GBA/pokemon-fire-red/index.173.delayed]
[sites.google.com/apps.district196.org/total-darkness/lets-play-a-game/_Games/emu/GBA/pokemon-leaf-green/index.174.delayed]
[sites.google.com/apps.district196.org/total-darkness/lets-play-a-game/_Games/emu/GBA/pokemon-ruby/index.175.delayed]
[sites.google.com/apps.district196.org/total-darkness/lets-play-a-game/_Games/emu/GBA/pokemon-sapphire/index.176.delayed]
[sites.google.com/apps.district196.org/total-darkness/lets-play-a-game/_Games/emu/GBA/sonic-advance-2/index.177.delayed]
[sites.google.com/apps.district196.org/total-darkness/lets-play-a-game/_Games/emu/GBA/sonic-advance/index.178.delayed]
[sites.google.com/apps.district196.org/total-darkness/lets-play-a-game/_Games/emu/SNES/legend-of-zelda-link-to-the-past/index.179.delayed]
[sites.google.com/apps.district196.org/total-darkness/lets-play-a-game/_https_/github.com/wea-f/Norepted__Wea-f.17a.delayed]
[sites.google.com/apps.district196.org/total-darkness/lets-play-a-game/_Games/Norepted__Norepted_/a__/span__/p_.17b.delayed]
[sites.google.com/apps.district196.org/total-darkness/lets-play-a-game/_https_/docs.google.com/forms/d/e/1FAIpQLScP0RfFiVtW3-bMOabS0HSECwEr9UTqyvKmKcGQ02IISFUNvQ/viewform.17c4c44.delayed]
[sites.google.com/apps.district196.org/total-darkness/lets-play-a-game/_Games/...1/index.html__..._/a__/span__/p__.17d.delayed]
[sites.google.com/apps.district196.org/total-darkness/lets-play-a-game/a-doorway.html]
[sites.google.com/apps.district196.org/total-darkness/lets-play-a-game/draw-a-escape.html]
[sites.google.com/apps.district196.org/total-darkness/lets-play-a-game/_js/poki-sdk-v2.js___/script_.17e.delayed]
[sites.google.com/apps.district196.org/total-darkness/lets-play-a-game/_bundle.js___/script_.17f.delayed]
[sites.google.com/apps.district196.org/total-darkness/lets-play-a-game/_js/analytics_ubg_v1_4.js___/script_.180.delayed]
[sites.google.com/apps.district196.org/total-darkness/lets-play-a-game/he-swings-to-freedom.html]
[sites.google.com/apps.district196.org/total-darkness/lets-play-a-game/wolves-are-your-friends.html]
[sites.google.com/apps.district196.org/total-darkness/lets-play-a-game/life-in-my-grasp.html]
[sites.google.com/apps.district196.org/total-darkness/lets-play-a-game/defelction.html]
[sites.google.com/apps.district196.org/total-darkness/lets-play-a-game/my-minions-trys-to-defeat-the-soul.html]
[sites.google.com/apps.district196.org/total-darkness/lets-play-a-game/murder.html]
[sites.google.com/apps.district196.org/total-darkness/lets-play-a-game/spike-of-jump.html]
[sites.google.com/apps.district196.org/total-darkness/lets-play-a-game/paint-the-picture.html]
[sites.google.com/apps.district196.org/total-darkness/lets-play-a-game/a-beating-heart.html]
[sites.google.com/apps.district196.org/total-darkness/lets-play-a-game/slip-and-die.html]
[sites.google.com/apps.district196.org/total-darkness/lets-play-a-game/are-you-the-villian.html]
[sites.google.com/apps.district196.org/total-darkness/lets-play-a-game/push-to-there-icy-death.html]
[sites.google.com/apps.district196.org/total-darkness/lets-play-a-game/your-taking-to-many-lifes.html]
[sites.google.com/apps.district196.org/total-darkness/lets-play-a-game/let-the-dog-die.html]
[sites.google.com/apps.district196.org/total-darkness/lets-play-a-game/fire-balls.html]
[sites.google.com/apps.district196.org/total-darkness/lets-play-a-game/minibattles.html]
[sites.google.com/apps.district196.org/total-darkness/lets-play-a-game/clicker-monsters.html]
[sites.google.com/apps.district196.org/total-darkness/games-from-the-house/_https_/websim.ai/google/___title_Google_/title_.html]
[sites.google.com/apps.district196.org/total-darkness/games-from-the-house/_https_/websim.ai/c/cosmicharmony/___title_Cosmic.html]
[sites.google.com/apps.district196.org/total-darkness/games-from-the-house/_https_/websim.html]
[sites.google.com/apps.district196.org/total-darkness/games-from-the-house/_https_/cdnjs.cloudflare.com/ajax/libs/three.js/r128/three.min.js___/script_.html]
[sites.google.com/apps.district196.org/total-darkness/games-from-the-house/_https_/cdnjs.cloudflare.com/ajax/libs/nipplejs/0.9.0/nipplejs.min.js___/script_.html]
[sites.google.com/apps.district196.org/total-darkness/games-from-the-house/_https_/websim.ai/c/monaco-ai-ide-chat-v16_.html]
[sites.google.com/apps.district196.org/total-darkness/games-from-the-house/_https_/unpkg.com/monaco-editor@latest/min/vs/loader.js___/script_.html]
[sites.google.com/apps.district196.org/total-darkness/games-from-the-house/_https_/WebExplorer.html]
[sites.google.com/apps.district196.org/total-darkness/games-from-the-house/_about_blank_.html]
[sites.google.com/apps.district196.org/total-darkness/games-from-the-house/_https_/WebExplorer.net/browse0ff0.html]
[sites.google.com/apps.district196.org/total-darkness/games-from-the-house/_https_/WebExplorer.net/browsede77.html]
[sites.google.com/apps.district196.org/total-darkness/games-from-the-house/_https_/WebExplorer.net/browse2a9e.html]
[sites.google.com/apps.district196.org/total-darkness/games-from-the-house/urlInput.html]
[sites.google.com/apps.district196.org/total-darkness/games-from-the-house/'https_/'.html]
[sites.google.com/apps.district196.org/total-darkness/games-from-the-house/_https_/www.GPT682fe.html]
[sites.google.com/apps.district196.org/total-darkness/games-from-the-house/_https_/fonts.googleapis.com/css24564.html]
[sites.google.com/apps.district196.org/total-darkness/games-from-the-house/_https_/cdnjs.cloudflare.com/ajax/libs/pdf.js/2.9.359/pdf.min.js___/script_.html]
[sites.google.com/apps.district196.org/total-darkness/games-from-the-house/_https_/.cuboidal-quantum.superposition/manifolds.html]
[sites.google.com/apps.district196.org/total-darkness/games-from-the-house/_https_/cdn.akamai.steamstatic.com/steam/apps/358960/___title_Neon.html]
[sites.google.com/apps.district196.org/total-darkness/games-from-the-house/_https_/cdn1.suno.ai/aa5fab80-8ebe-429f-aee0-3366d7f2dbdb.html]
[sites.google.com/apps.district196.org/total-darkness/games-from-the-house/_https_/websim.ai/c/incremental-garden-simulator-2023/_.html]
[sites.google.com/apps.district196.org/total-darkness/games-from-the-house/_data_audio/wav;base64,UklGRigAAABXQVZFZm10IBIAAAABAAEARKwAAIhYAQACABAAAABkYXRhAgAAAAEA_.html]
[sites.google.com/apps.district196.org/total-darkness/games-from-the-house/_data_audio/wav;base64,UklGRigAAABXQVZFZm10IBIAAAABAAEARKwAAIhYAQACABAAAABkYXRhAgAAAAIA_.html]
[sites.google.com/apps.district196.org/total-darkness/games-from-the-house/_data_audio/wav;base64,UklGRigAAABXQVZFZm10IBIAAAABAAEARKwAAIhYAQACABAAAABkYXRhAgAAAAMA_.html]
[sites.google.com/apps.district196.org/total-darkness/games-from-the-house/_https_/battle-arena-simulator.com/__.html]
[sites.google.com/apps.district196.org/total-darkness/games-from-the-house/_https_/4dimensi-4D Musical-bola jatuh dan berbunyi note berbeda___title_4D.html]
[sites.google.com/apps.district196.org/total-darkness/games-from-the-house/_https_/desktop.websim.ai/Justin-CyberOS-Case/home_.html]
[sites.google.com/apps.district196.org/total-darkness/games-from-the-house/_https_/fonts.googleapis.com/css2d8e1.html]
[sites.google.com/apps.district196.org/total-darkness/games-from-the-house/_${url}_.html]
[sites.google.com/apps.district196.org/total-darkness/games-from-the-house/_.html]
[sites.google.com/apps.district196.org/total-darkness/games-from-the-house/_https_/websim.ai/c/codepen-clone-v5_.html]
[sites.google.com/apps.district196.org/total-darkness/games-from-the-house/_https_/example.com/__.html]
[sites.google.com/apps.district196.org/total-darkness/games-from-the-house/URL.html]
[sites.google.com/apps.district196.org/total-darkness/games-from-the-house/_https_/websim.ai/___title_Lost.html]
[sites.google.com/apps.district196.org/total-darkness/games-from-the-house/_https_/cdnjs.cloudflare.com/ajax/libs/gl-matrix/2.8.1/gl-matrix-min.js___/script_.html]
[sites.google.com/apps.district196.org/total-darkness/games-from-the-house/_https_/8bitgen.com/___title_8-Bit.html]
[sites.google.com/apps.district196.org/total-darkness/games-from-the-house/_https_/8bitgen.com/about__About_/a_.html]
[sites.google.com/apps.district196.org/total-darkness/games-from-the-house/_https_/8bitgen.com/gallery__Song.html]
[sites.google.com/apps.district196.org/total-darkness/games-from-the-house/_https_/8bitgen.com/api__Developer.html]
[sites.google.com/apps.district196.org/total-darkness/games-from-the-house/_https_/grammargame.edu/___title_GrammarQuest_.html]
[sites.google.com/apps.district196.org/total-darkness/games-from-the-house/_xech_/game.vampiresimvivors/v2.html]
[sites.google.com/apps.district196.org/total-darkness/games-from-the-house/_https_/websim.ai/@Xech_.html]
[sites.google.com/apps.district196.org/total-darkness/games-from-the-house/_https_/fonts.googleapis.com/css23385.html]
[sites.google.com/apps.district196.org/total-darkness/games-from-the-house/_https_/3dlogoanimate.com élargie l'espace de background jusque 9/16___title_3D.html]
[sites.google.com/apps.district196.org/total-darkness/games-from-the-house/_placeholder-logo.html]
[sites.google.com/apps.district196.org/total-darkness/games-from-the-house/_https_/websim.ai/___title_Lucky.html]
[sites.google.com/apps.district196.org/total-darkness/games-from-the-house/_https_/websim.ai/__.html]
[sites.google.com/apps.district196.org/total-darkness/games-from-the-house/_https_/slitherclone.ai/_.html]
[sites.google.com/apps.district196.org/total-darkness/games-from-the-house/_https_/websim.ai/_.html]
[sites.google.com/apps.district196.org/total-darkness/games-from-the-house/_https_/cdn.jsdelivr.net/npm/three@0.128.0/examples/js/controls/PointerLockControls.js___/script_.html]
[sites.google.com/apps.district196.org/total-darkness/games-from-the-house/_https_/cdnjs.cloudflare.com/ajax/libs/simplex-noise/2.4.0/simplex-noise.min.js___/script_.html]
[sites.google.com/apps.district196.org/total-darkness/games-from-the-house/_https_/melody-maker.html]
[sites.google.com/apps.district196.org/total-darkness/games-from-the-house/_https_/fonts.googleapis.com/css25adf.html]
[sites.google.com/apps.district196.org/total-darkness/games-from-the-house/e.target.html]
[sites.google.com/apps.district196.org/total-darkness/games-from-the-house/pre.html]
[sites.google.com/apps.district196.org/total-darkness/games-from-the-house/_https_/websim.ai/c/spacejunk-tycoon/___title_Space.html]
[sites.google.com/apps.district196.org/total-darkness/games-from-the-house/_https_/chrome.extension.html]
[sites.google.com/apps.district196.org/total-darkness/games-from-the-house/_https_/cdnjs.cloudflare.com/ajax/libs/codemirror/5.65.2/codemirror.min.html]
[sites.google.com/apps.district196.org/total-darkness/games-from-the-house/_https_/cdnjs.cloudflare.com/ajax/libs/codemirror/5.65.2/theme/monokai.min.html]
[sites.google.com/apps.district196.org/total-darkness/games-from-the-house/_popup.js___/script_.html]
[sites.google.com/apps.district196.org/total-darkness/games-from-the-house/_https_/cdnjs.cloudflare.com/ajax/libs/codemirror/5.65.2/codemirror.min.js___/script_.html]
[sites.google.com/apps.district196.org/total-darkness/games-from-the-house/_https_/cdnjs.cloudflare.com/ajax/libs/codemirror/5.65.2/mode/javascript/javascript.min.js___/script_.html]
[sites.google.com/apps.district196.org/total-darkness/games-from-the-house/_https_/cdnjs.cloudflare.com/ajax/libs/codemirror/5.65.2/mode/htmlmixed/htmlmixed.min.js___/script_.html]
[sites.google.com/apps.district196.org/total-darkness/games-from-the-house/_https_/cdnjs.cloudflare.com/ajax/libs/codemirror/5.65.2/addon/edit/matchbrackets.min.js___/script_.html]
[sites.google.com/apps.district196.org/total-darkness/games-from-the-house/_https_/cdnjs.cloudflare.com/ajax/libs/codemirror/5.65.2/addon/search/match-highlighter.min.js___/script_.html]
[sites.google.com/apps.district196.org/total-darkness/games-from-the-house/URL-2.html]
[sites.google.com/apps.district196.org/total-darkness/games-from-the-house/_https_/cdnjs.cloudflare.com/ajax/libs/jszip/3.7.1/jszip.min.js___/script_.html]
[sites.google.com/apps.district196.org/total-darkness/games-from-the-house/_https_/websim.ai/interactive-console/__.html]
[sites.google.com/apps.district196.org/total-darkness/games-from-the-house/_https_/websim-2.html]
[sites.google.com/apps.district196.org/total-darkness/games-from-the-house/_https_/cdnjs.cloudflare.com/ajax/libs/howler/2.2.3/howler.min.js___/script_.html]
[sites.google.com/apps.district196.org/total-darkness/games-from-the-house/new.html]
[sites.google.com/apps.district196.org/total-darkness/games-from-the-house/char.html]
[sites.google.com/apps.district196.org/total-darkness/games-from-the-house/_https_/websim.ai/create___meta.html]
[sites.google.com/apps.district196.org/total-darkness/games-from-the-house/_https_/websim.ai/logo.html]
[sites.google.com/apps.district196.org/total-darkness/games-from-the-house/document.getElementById('url').html]
[sites.google.com/apps.district196.org/total-darkness/games-from-the-house/_javascript_(function(){var.html]
[sites.google.com/apps.district196.org/total-darkness/games-from-the-house/_https_/websim.ai_/_.html]
[sites.google.com/apps.district196.org/total-darkness/games-from-the-house/_https_/photogen-ai.com/ everything with img tag , all images on this website should have a 'max-width_ 100% !important;'__.html]
[sites.google.com/apps.district196.org/total-darkness/games-from-the-house/_https_/minesweeper-clone.com/_.html]
[sites.google.com/apps.district196.org/total-darkness/games-from-the-house/_https_/threejs.org/examples/_.html]
[sites.google.com/apps.district196.org/total-darkness/games-from-the-house/_https_/file.garden/ZqkDHrmuZGkZD3Ia/Magma Client (Flat)_.html]
[sites.google.com/apps.district196.org/total-darkness/games-from-the-house/_https_/discord.html]
[sites.google.com/apps.district196.org/total-darkness/games-from-the-house/_https_/media.discordapp.net/attachments/1118076831418028082/1269078974286532741/9CGNwb5466e.html]
[sites.google.com/apps.district196.org/total-darkness/games-from-the-house/_https_/media.discordapp.net/attachments/1118076831418028082/1269080721109159936/GobF5Ul5c2c.html]
[sites.google.com/apps.district196.org/total-darkness/games-from-the-house/{.html]
[sites.google.com/apps.district196.org/total-darkness/games-from-the-house/_https_/every-ai-chat-free.com/___meta.html]
[sites.google.com/apps.district196.org/total-darkness/games-from-the-house/_https_/epic-platform-jumper.example.com/__.html]
[sites.google.com/apps.district196.org/total-darkness/games-from-the-house/_https_/csgo-crate-gambling.com/__.html]
[sites.google.com/apps.district196.org/total-darkness/games-from-the-house/_https_/www.shadertoy.com/__.html]
[sites.google.com/apps.district196.org/total-darkness/games-from-the-closet/_${imageUrl}_.html]
[sites.google.com/apps.district196.org/total-darkness/games-from-the-closet/_https_/www.soundjay.com/button/beep-07.html]
[sites.google.com/apps.district196.org/total-darkness/games-from-the-closet/_https_/www.soundjay.com/button/beep-06.html]
[sites.google.com/apps.district196.org/total-darkness/games-from-the-closet/_https_/www.soundjay.com/button/beep-05.html]
[sites.google.com/apps.district196.org/total-darkness/games-from-the-closet/_${annoyance.html]
[sites.google.com/apps.district196.org/total-darkness/bear-traps/_/style.html]
[sites.google.com/apps.district196.org/total-darkness/bear-traps/_/sounds/Angels.html]
[sites.google.com/apps.district196.org/total-darkness/bear-traps/_/sounds/Cinematic.html]
[sites.google.com/apps.district196.org/total-darkness/bear-traps/_/sounds/Conspiracy.html]
[sites.google.com/apps.district196.org/total-darkness/bear-traps/_/sounds/Crickets.mp3___/audio_.html]
[sites.google.com/apps.district196.org/total-darkness/bear-traps/_/sounds/Crowd.html]
[sites.google.com/apps.district196.org/total-darkness/bear-traps/_/sounds/Dolphin.mp3___/audio_.html]
[sites.google.com/apps.district196.org/total-darkness/bear-traps/_/sounds/Drum.html]
[sites.google.com/apps.district196.org/total-darkness/bear-traps/_/sounds/Kids.html]
[sites.google.com/apps.district196.org/total-darkness/bear-traps/_/sounds/Long.html]
[sites.google.com/apps.district196.org/total-darkness/bear-traps/_/sounds/Painful.html]
[sites.google.com/apps.district196.org/total-darkness/bear-traps/_/sounds/Punch.html]
[sites.google.com/apps.district196.org/total-darkness/bear-traps/_/sounds/Reloading.mp3___/audio_.html]
[sites.google.com/apps.district196.org/total-darkness/bear-traps/_/sounds/Rubber.html]
[sites.google.com/apps.district196.org/total-darkness/bear-traps/_/script.js___/script_.html]
[sites.google.com/apps.district196.org/total-darkness/bear-traps/_mystle.html]
[sites.google.com/apps.district196.org/total-darkness/bear-traps/_fotoalbum.html]
[sites.google.com/apps.district196.org/total-darkness/bear-traps/_kankerophetmoment.html]
[sites.google.com/apps.district196.org/total-darkness/bear-traps/_yeeboii.html]
[sites.google.com/apps.district196.org/total-darkness/bear-traps/_its.html]
[sites.google.com/apps.district196.org/total-darkness/bear-traps/_headshotomg.html]
[sites.google.com/apps.district196.org/total-darkness/bear-traps/_ASMR.html]
[sites.google.com/apps.district196.org/total-darkness/bear-traps/_main.html]
[sites.google.com/apps.district196.org/total-darkness/bear-traps/_assets/bass_sample.mp3___/audio_.html]
[sites.google.com/apps.district196.org/total-darkness/bear-traps/_assets/hh_sample.mp3___/audio_.html]
[sites.google.com/apps.district196.org/total-darkness/bear-traps/_assets/clap_sample.mp3___/audio_.html]
[sites.google.com/apps.district196.org/total-darkness/bear-traps/_assets/MM-TDHQ-808-08.wav___/audio_.html]
[sites.google.com/apps.district196.org/total-darkness/bear-traps/_assets/MM-TDHQ-Snare-12.wav___/audio_.html]
[sites.google.com/apps.district196.org/total-darkness/bear-traps/_assets/MM-TDHQ-Clean808-HC.wav___/audio_.html]
[sites.google.com/apps.district196.org/total-darkness/bear-traps/_assets/MM-TDHQ-Rides-14.wav___/audio_.html]
[sites.google.com/apps.district196.org/total-darkness/bear-traps/_assets/MM-TDHQ-FX-04.wav___/audio_.html]
[sites.google.com/apps.district196.org/total-darkness/bear-traps/_assets/trapBeat1-115bpm.wav___/audio_.html]
[sites.google.com/apps.district196.org/total-darkness/bear-traps/_assets/uhh.mp3___/audio_.html]
[sites.google.com/apps.district196.org/total-darkness/bear-traps/_assets/lovely.html]
[sites.google.com/apps.district196.org/total-darkness/bear-traps/_assets/NoComment.mp3___/audio_.html]
[sites.google.com/apps.district196.org/total-darkness/bear-traps/_assets/usedToWantIt.mp3___/audio_.html]
[sites.google.com/apps.district196.org/total-darkness/bear-traps/_assets/itsATrend.mp3___/audio_.html]
[sites.google.com/apps.district196.org/total-darkness/bear-traps/_assets/whyDontYouTakeShowers.mp3___/audio_.html]
[sites.google.com/apps.district196.org/total-darkness/bear-traps/_assets/amIGonnaDie.mp3___/audio_.html]
[sites.google.com/apps.district196.org/total-darkness/bear-traps/_assets/amIGonnaStarve.mp3___/audio_.html]
[sites.google.com/apps.district196.org/total-darkness/bear-traps/_assets/nessarity.mp3___/audio_.html]
[sites.google.com/apps.district196.org/total-darkness/bear-traps/_assets/theyCannotTell.mp3___/audio_.html]
[sites.google.com/apps.district196.org/total-darkness/bear-traps/_assets/whyDoIBath.mp3___/audio_.html]
[sites.google.com/apps.district196.org/total-darkness/bear-traps/_assets/whyDoIShower.mp3___/audio_.html]
[sites.google.com/apps.district196.org/total-darkness/bear-traps/_assets/saveSomeMoney.mp3___/audio_.html]
[sites.google.com/apps.district196.org/total-darkness/bear-traps/_assets/planOnLosingWeight.mp3___/audio_.html]
[sites.google.com/apps.district196.org/total-darkness/bear-traps/_assets/guiltyWantIt.mp3___/audio_.html]
[sites.google.com/apps.district196.org/total-darkness/bear-traps/_assets/whatDoIGet.mp3___/audio_.html]
[sites.google.com/apps.district196.org/total-darkness/bear-traps/_assets/darkPad1.wav___/audio_.html]
[sites.google.com/apps.district196.org/total-darkness/bear-traps/_assets/darkPad2.wav___/audio_.html]
[sites.google.com/apps.district196.org/total-darkness/bear-traps/_assets/trapPiano.wav___/audio_.html]
[sites.google.com/apps.district196.org/total-darkness/bear-traps/_assets/___/audio_.html]
[sites.google.com/apps.district196.org/total-darkness/bear-traps/_www.danluf.com__www.danluf.com_/a_._/li_.html]
[sites.google.com/apps.district196.org/total-darkness/bear-traps/_app.js___/script_.html]
[sites.google.com/apps.district196.org/total-darkness/lets-play-a-game/_http_/www.whatbrowser.html]
[sites.google.com/apps.district196.org/total-darkness/lets-play-a-game/_http_/www.microsoft.com/windows/internet-explorer/default.html]
[sites.google.com/apps.district196.org/total-darkness/lets-play-a-game/_http_/www.mozilla.com/firefox/__Mozilla.html]
[sites.google.com/apps.district196.org/total-darkness/lets-play-a-game/_http_/www.google.com/chrome/__Google.html]
[sites.google.com/apps.district196.org/total-darkness/lets-play-a-game/_http_/www.apple.com/safari/download/__Apple.html]
[sites.google.com/apps.district196.org/total-darkness/lets-play-a-game/_https_/279362704-648691600325733615.preview.editmysite.com/uploads/b/139890129-695123685186939346/files/jquery-2.1.1.min.js___/script_.html]
[sites.google.com/apps.district196.org/total-darkness/lets-play-a-game/_https_/279362704-648691600325733615.preview.editmysite.com/uploads/b/139890129-695123685186939346/files/c2runtime.js___/script_.html]
[sites.google.com/apps.district196.org/total-darkness/lets-play-a-game/_https_/495736294-748527490385016284.preview.editmysite.com/uploads/b/139890129-814380694318390325/files/progress.html]
[sites.google.com/apps.district196.org/total-darkness/lets-play-a-game/_https_/infinitecraftgame.github.io/getaway-shootout/_.html]
[sites.google.com/apps.district196.org/total-darkness/lets-play-a-game/_https_/infinitecraftgame.github.io/img/v6j7b5675c54x.html]
[sites.google.com/apps.district196.org/total-darkness/lets-play-a-game/_/favicon.html]
[sites.google.com/apps.district196.org/total-darkness/lets-play-a-game/_/fontawesome/css/all.min.html]
[sites.google.com/apps.district196.org/total-darkness/lets-play-a-game/_https_/fonts.googleapis.com/css27ce2.html]
[sites.google.com/apps.district196.org/total-darkness/lets-play-a-game/_/css/bootstrap.min.html]
[sites.google.com/apps.district196.org/total-darkness/lets-play-a-game/_https_/kit.fontawesome.com/b86c75542b.html]
[sites.google.com/apps.district196.org/total-darkness/lets-play-a-game/_https_/pagead2.googlesyndication.com/pagead/js/adsbygooglebe75.html]
[sites.google.com/apps.district196.org/total-darkness/lets-play-a-game/_/_.html]
[sites.google.com/apps.district196.org/total-darkness/lets-play-a-game/_/sports-games/_.html]
[sites.google.com/apps.district196.org/total-darkness/lets-play-a-game/_/car-games/_.html]
[sites.google.com/apps.district196.org/total-darkness/lets-play-a-game/_/3d-games/_.html]
[sites.google.com/apps.district196.org/total-darkness/lets-play-a-game/_/shooting-games/_.html]
[sites.google.com/apps.district196.org/total-darkness/lets-play-a-game/_/adventure-games/_.html]
[sites.google.com/apps.district196.org/total-darkness/lets-play-a-game/_/privacy-policy/_.html]
[sites.google.com/apps.district196.org/total-darkness/lets-play-a-game/_https_/fb.html]
[sites.google.com/apps.district196.org/total-darkness/lets-play-a-game/_https_/twitter.html]
[sites.google.com/apps.district196.org/total-darkness/lets-play-a-game/_https_/instagram.html]
[sites.google.com/apps.district196.org/total-darkness/lets-play-a-game/_https_/linkedin.html]
[sites.google.com/apps.district196.org/total-darkness/lets-play-a-game/_https_/tv2104.github.io/g4/getaway-shootout___/iframe__/noindex_.html]
[sites.google.com/apps.district196.org/total-darkness/lets-play-a-game/_/img/v6j7b5675c54x.html]
[sites.google.com/apps.district196.org/total-darkness/lets-play-a-game/_/temple-run-2/_.html]
[sites.google.com/apps.district196.org/total-darkness/lets-play-a-game/_/img/vehcr5eh5chfff.html]
[sites.google.com/apps.district196.org/total-darkness/lets-play-a-game/_/slope/_.html]
[sites.google.com/apps.district196.org/total-darkness/lets-play-a-game/_/img/cyhc4x4g5xg4z4x.html]
[sites.google.com/apps.district196.org/total-darkness/lets-play-a-game/_/running-fred/_.html]
[sites.google.com/apps.district196.org/total-darkness/lets-play-a-game/_/img/vyj6h5e4hc56.html]
[sites.google.com/apps.district196.org/total-darkness/lets-play-a-game/_/snow-rider-3d/_.html]
[sites.google.com/apps.district196.org/total-darkness/lets-play-a-game/_/img/e768b7v54ch4565x.html]
[sites.google.com/apps.district196.org/total-darkness/lets-play-a-game/_/crazy-cars/_.html]
[sites.google.com/apps.district196.org/total-darkness/lets-play-a-game/_/img/45gx34wz35xg4xzgz4.html]
[sites.google.com/apps.district196.org/total-darkness/lets-play-a-game/_/funny-shooter-2/_.html]
[sites.google.com/apps.district196.org/total-darkness/lets-play-a-game/_/img/43x5t3g45g4x5g.html]
[sites.google.com/apps.district196.org/total-darkness/lets-play-a-game/_https_/www.liveinternet.ru/click_.html]
[sites.google.com/apps.district196.org/total-darkness/lets-play-a-game/_data_image/gif;base64,R0lGODlhAQABAIAAAAAAAP/yH5BAEAAAEALAAAAAABAAEAAAIBTAA7_.html]
[sites.google.com/apps.district196.org/total-darkness/lets-play-a-game/_js/jquery.min.js___/script_.html]
[sites.google.com/apps.district196.org/total-darkness/lets-play-a-game/_js/templatemo-script.js___/script_.html]
[sites.google.com/apps.district196.org/total-darkness/lets-play-a-game/_logo.png_/_.html]
[sites.google.com/apps.district196.org/total-darkness/lets-play-a-game/_style.html]
[sites.google.com/apps.district196.org/total-darkness/lets-play-a-game/_https_/kit.fontawesome.com/a076d05399.html]
[sites.google.com/apps.district196.org/total-darkness/lets-play-a-game/_https_/pagead2.googlesyndication.com/pagead/js/adsbygoogle4003.html]
[sites.google.com/apps.district196.org/total-darkness/lets-play-a-game/'https_/static.cloudflareinsights.com/beacon.min.html]
[sites.google.com/apps.district196.org/total-darkness/lets-play-a-game/_index.html]
[sites.google.com/apps.district196.org/total-darkness/lets-play-a-game/_index.html__Home_/a__/li_.html]
[sites.google.com/apps.district196.org/total-darkness/lets-play-a-game/_dist/index.html]
[sites.google.com/apps.district196.org/total-darkness/lets-play-a-game/__svg.html]
[sites.google.com/apps.district196.org/total-darkness/lets-play-a-game/_https_/cdnjs.cloudflare.com/ajax/libs/modernizr/2.8.3/modernizr.min.html]
[sites.google.com/apps.district196.org/total-darkness/lets-play-a-game/_https_/cdnjs.cloudflare.com/ajax/libs/normalize/5.0.0/normalize.min.html]
[sites.google.com/apps.district196.org/total-darkness/lets-play-a-game/_https_/code.jquery.com/jquery-3.6.0.min.js___/script_.html]
[sites.google.com/apps.district196.org/total-darkness/lets-play-a-game/_https_/copyofmasite.pages.dev/__the.html]
[sites.google.com/apps.district196.org/total-darkness/lets-play-a-game/_/Singleplayer_Offline_Download_Version.html__eaglercraft_/a__/span__/p_.html]
[sites.google.com/apps.district196.org/total-darkness/lets-play-a-game/_/eagleronline/index.html]
[sites.google.com/apps.district196.org/total-darkness/lets-play-a-game/_/eagleronline.html]
[sites.google.com/apps.district196.org/total-darkness/lets-play-a-game/_redd.html__slither.io_/a__/span__/p_.html]
[sites.google.com/apps.district196.org/total-darkness/lets-play-a-game/_Games/retrobowl/index.html__retrobowl_/a__/span__/p_.html]
[sites.google.com/apps.district196.org/total-darkness/lets-play-a-game/_https_/scratch.mit.edu/users/griffpatch/__griffpatch_/a__/span__/p__/p__/p_.html]
[sites.google.com/apps.district196.org/total-darkness/lets-play-a-game/_appel.html__appel_/a__/span__/p_.html]
[sites.google.com/apps.district196.org/total-darkness/lets-play-a-game/_https_/codepen.io/toni-leigh__Toni.html]
[sites.google.com/apps.district196.org/total-darkness/lets-play-a-game/_tetris/tetris.html__Tetris_/a__/span__/p_.html]
[sites.google.com/apps.district196.org/total-darkness/lets-play-a-game/_frogger.html__Frogger_/a__/span__/p_.html]
[sites.google.com/apps.district196.org/total-darkness/lets-play-a-game/_solitaire/solitaire.html__solitaire_/a__/span__/p_.html]
[sites.google.com/apps.district196.org/total-darkness/lets-play-a-game/_tic-tac/index.html]
[sites.google.com/apps.district196.org/total-darkness/lets-play-a-game/_uno/index.html__uno_/a__/span__/p_.html]
[sites.google.com/apps.district196.org/total-darkness/lets-play-a-game/_Games/basketball-stars/index.html]
[sites.google.com/apps.district196.org/total-darkness/lets-play-a-game/_Checkers/index.html__Checkers_/a__/span__/p_.html]
[sites.google.com/apps.district196.org/total-darkness/lets-play-a-game/_sm64/index.html__Sm64_/a__/span__/p_.html]
[sites.google.com/apps.district196.org/total-darkness/lets-play-a-game/_nbajam.html]
[sites.google.com/apps.district196.org/total-darkness/lets-play-a-game/_osuweb-1/index.html]
[sites.google.com/apps.district196.org/total-darkness/lets-play-a-game/_sonic2.html]
[sites.google.com/apps.district196.org/total-darkness/lets-play-a-game/_chormedino/index.html]
[sites.google.com/apps.district196.org/total-darkness/lets-play-a-game/_1v1lol/index.html__1v1.LOL_/a__/span__/p_.html]
[sites.google.com/apps.district196.org/total-darkness/lets-play-a-game/_2048/index.html__2048_/a__/span__/p_.html]
[sites.google.com/apps.district196.org/total-darkness/lets-play-a-game/_stickmanhook/index.html]
[sites.google.com/apps.district196.org/total-darkness/lets-play-a-game/_stack/index.html__stack_/a__/span__/p_.html]
[sites.google.com/apps.district196.org/total-darkness/lets-play-a-game/_RUN3/index.html]
[sites.google.com/apps.district196.org/total-darkness/lets-play-a-game/_https_/gamesthatcannotfitonmainsite.vercel.app/subwaysurfers/__Subway.html]
[sites.google.com/apps.district196.org/total-darkness/lets-play-a-game/_cookieclicker/index.html]
[sites.google.com/apps.district196.org/total-darkness/lets-play-a-game/_https_/replit.com/@MaxZhang17__@MaxZhang17_/a_.html]
[sites.google.com/apps.district196.org/total-darkness/lets-play-a-game/_scuffed/index.html]
[sites.google.com/apps.district196.org/total-darkness/lets-play-a-game/_https_/replit.com/@MrVoo__@MrVoo_/a_.html]
[sites.google.com/apps.district196.org/total-darkness/lets-play-a-game/_Ballistic-Chickens/index.html]
[sites.google.com/apps.district196.org/total-darkness/lets-play-a-game/_https_/gamesthatcannotfitonmainsite.vercel.app/temple-run-2/__Temple.html]
[sites.google.com/apps.district196.org/total-darkness/lets-play-a-game/_tinyfishing/index.html__Tinyfishing_/a__/span__/p_.html]
[sites.google.com/apps.district196.org/total-darkness/lets-play-a-game/_Games/bouncybasketball/index.html]
[sites.google.com/apps.district196.org/total-darkness/lets-play-a-game/_Games/crossyroad/index.html__crossyroad_/a__/span__/p_.html]
[sites.google.com/apps.district196.org/total-darkness/lets-play-a-game/_Games/cuttherope/index.html]
[sites.google.com/apps.district196.org/total-darkness/lets-play-a-game/_Games/Fluid-Simulation/index.html]
[sites.google.com/apps.district196.org/total-darkness/lets-play-a-game/_Coding-stuff/capy-html-viewer/index.html]
[sites.google.com/apps.district196.org/total-darkness/lets-play-a-game/_https_/piped-ashy.vercel.app/__piped_/a__/span__/p_.html]
[sites.google.com/apps.district196.org/total-darkness/lets-play-a-game/_https_/replit.com/@SkyeL0L__SkyeL0L.html]
[sites.google.com/apps.district196.org/total-darkness/lets-play-a-game/_https_/ultraviolet-node-archive.skyel0l.repl.co/__Ultraviolet-Node-Archive_/a__/span__/p_.html]
[sites.google.com/apps.district196.org/total-darkness/lets-play-a-game/_https_/replit.com/@PyGrammer5__PyGrammer5.html]
[sites.google.com/apps.district196.org/total-darkness/lets-play-a-game/_Games/Hoops/index.html__Hoops_/a__/span__/p_.html]
[sites.google.com/apps.district196.org/total-darkness/lets-play-a-game/_Games/Missiles/index.html__missiles_/a__/span__/p_.html]
[sites.google.com/apps.district196.org/total-darkness/lets-play-a-game/_Games/DriveMad/index.html]
[sites.google.com/apps.district196.org/total-darkness/lets-play-a-game/_Games/N-GON/index.html__N-GON_/a__/span__/p_.html]
[sites.google.com/apps.district196.org/total-darkness/lets-play-a-game/_Games/SuperSmashFlash1/index.html]
[sites.google.com/apps.district196.org/total-darkness/lets-play-a-game/_Games/mfp/index.html]
[sites.google.com/apps.district196.org/total-darkness/lets-play-a-game/_Games/bitlife.html__Bitlife_/a__/span__/p_.html]
[sites.google.com/apps.district196.org/total-darkness/lets-play-a-game/_Games/dadish/index.html__dadish_/a__/span__/p_.html]
[sites.google.com/apps.district196.org/total-darkness/lets-play-a-game/_Games/slope-2/index.html]
[sites.google.com/apps.district196.org/total-darkness/lets-play-a-game/_Games/wordle.html__Wordle_/a__/span__/p_.html]
[sites.google.com/apps.district196.org/total-darkness/lets-play-a-game/_Games/a-dance-of-fire-and-ice/index.html]
[sites.google.com/apps.district196.org/total-darkness/lets-play-a-game/_Games/axisfootballleague/index.html__axisfootballleague_/a__/span__/p_.html]
[sites.google.com/apps.district196.org/total-darkness/lets-play-a-game/_Games/backrooms/index.html__Backrooms_/a__/span__/p_.html]
[sites.google.com/apps.district196.org/total-darkness/lets-play-a-game/_Games/bb/index.html]
[sites.google.com/apps.district196.org/total-darkness/lets-play-a-game/_Games/bloxorz/index.html__bloxorz_/a__/span__/p_.html]
[sites.google.com/apps.district196.org/total-darkness/lets-play-a-game/_Games/CSGO-clicker/CSGO-Case-Clicker-master/index.html]
[sites.google.com/apps.district196.org/total-darkness/lets-play-a-game/_Games/motox3m/index.html__motox3m_/a__/span__/p_.html]
[sites.google.com/apps.district196.org/total-darkness/lets-play-a-game/_Games/rooftop-snipers/index.html]
[sites.google.com/apps.district196.org/total-darkness/lets-play-a-game/_Games/sandboxels/sandboxels-main/index.html__Sandboxels_/a__/span__/p_.html]
[sites.google.com/apps.district196.org/total-darkness/lets-play-a-game/_Games/webosu/webosu-main/index.html__webosu_/a__/span__/p_.html]
[sites.google.com/apps.district196.org/total-darkness/lets-play-a-game/_Games/osu!.html]
[sites.google.com/apps.district196.org/total-darkness/lets-play-a-game/_Games/Vectoid.html]
[sites.google.com/apps.district196.org/total-darkness/lets-play-a-game/_Games/Ducky's.html]
[sites.google.com/apps.district196.org/total-darkness/lets-play-a-game/_Games/emu/GBA/legend-of-zelda-minish-cap/index.html]
[sites.google.com/apps.district196.org/total-darkness/lets-play-a-game/_Games/emu/GBA/pokemon-fire-red/index.html]
[sites.google.com/apps.district196.org/total-darkness/lets-play-a-game/_Games/emu/GBA/pokemon-leaf-green/index.html]
[sites.google.com/apps.district196.org/total-darkness/lets-play-a-game/_Games/emu/GBA/pokemon-ruby/index.html]
[sites.google.com/apps.district196.org/total-darkness/lets-play-a-game/_Games/emu/GBA/pokemon-sapphire/index.html]
[sites.google.com/apps.district196.org/total-darkness/lets-play-a-game/_Games/emu/GBA/sonic-advance-2/index.html]
[sites.google.com/apps.district196.org/total-darkness/lets-play-a-game/_Games/emu/GBA/sonic-advance/index.html]
[sites.google.com/apps.district196.org/total-darkness/lets-play-a-game/_Games/emu/SNES/legend-of-zelda-link-to-the-past/index.html]
[sites.google.com/apps.district196.org/total-darkness/lets-play-a-game/_https_/github.com/wea-f/Norepted__Wea-f.html]
[sites.google.com/apps.district196.org/total-darkness/lets-play-a-game/_Games/Norepted__Norepted_/a__/span__/p_.html]
[sites.google.com/apps.district196.org/total-darkness/lets-play-a-game/_https_/docs.google.com/forms/d/e/1FAIpQLScP0RfFiVtW3-bMOabS0HSECwEr9UTqyvKmKcGQ02IISFUNvQ/viewform4c44.html]
[sites.google.com/apps.district196.org/total-darkness/lets-play-a-game/_Games/...1/index.html__..._/a__/span__/p__.html]
[sites.google.com/apps.district196.org/total-darkness/lets-play-a-game/_js/poki-sdk-v2.js___/script_.html]
[sites.google.com/apps.district196.org/total-darkness/lets-play-a-game/_bundle.js___/script_.html]
[sites.google.com/apps.district196.org/total-darkness/lets-play-a-game/_js/analytics_ubg_v1_4.js___/script_.html]
